; Reachability from reset and conventional interrupt vector entries; approximate.
0000 [010000] 02 80 16  LJMP 0x8016
0003 [010003] 75 39 FF  MOV 0x39, #0xFF
0006 [010006] 75 3A 58  MOV 0x3A, #0x58
0009 [010009] 75 3B 28  MOV 0x3B, #0x28
000B [01000B] 28        ADD A, R0
000C [01000C] 90 34 1A  MOV DPTR, #0x341A
000F [01000F] E4        CLR A
0010 [010010] F0        MOVX @DPTR, A
0011 [010011] A3        INC DPTR
0012 [010012] 74 0A     MOV A, #0x0A
0013 [010013] 0A        INC R2
0014 [010014] F0        MOVX @DPTR, A
0015 [010015] 22        RET
001B [01001B] 34 1A     ADDC A, #0x1A
001D [01001D] F0        MOVX @DPTR, A
001E [01001E] A3        INC DPTR
001F [01001F] F0        MOVX @DPTR, A
0020 [010020] 02 04 C4  LJMP 0x04C4
0023 [010023] 90 00 00  MOV DPTR, #0x0000
0026 [010026] E0        MOVX A, @DPTR
0027 [010027] 30 E1 0B  JNB 0xE1, 0x0035
002A [01002A] 75 39 FF  MOV 0x39, #0xFF
002B [01002B] 39        ADDC A, R1
002C [01002C] FF        MOV R7, A
002D [01002D] 75 3A 58  MOV 0x3A, #0x58
002E [01002E] 3A        ADDC A, R2
002F [01002F] 58        ANL A, R0
0030 [010030] 75 3B 08  MOV 0x3B, #0x08
0033 [010033] 80 09     SJMP 0x003E
0035 [010035] 75 39 FF  MOV 0x39, #0xFF
0038 [010038] 75 3A 57  MOV 0x3A, #0x57
003B [01003B] 75 3B E8  MOV 0x3B, #0xE8
003E [01003E] 90 34 1A  MOV DPTR, #0x341A
0041 [010041] E4        CLR A
0042 [010042] F0        MOVX @DPTR, A
0043 [010043] A3        INC DPTR
0044 [010044] 74 20     MOV A, #0x20
0046 [010046] F0        MOVX @DPTR, A
0047 [010047] 22        RET
04C4 [0104C4] 90 35 24  MOV DPTR, #0x3524
04C7 [0104C7] E0        MOVX A, @DPTR
04C8 [0104C8] 34 00     ADDC A, #0x00
04CA [0104CA] F0        MOVX @DPTR, A
04CB [0104CB] E0        MOVX A, @DPTR
04CC [0104CC] FE        MOV R6, A
04CD [0104CD] A3        INC DPTR
04CE [0104CE] E0        MOVX A, @DPTR
04CF [0104CF] FF        MOV R7, A
04D0 [0104D0] 90 35 22  MOV DPTR, #0x3522
04D3 [0104D3] E0        MOVX A, @DPTR
04D4 [0104D4] FC        MOV R4, A
04D5 [0104D5] A3        INC DPTR
04D6 [0104D6] E0        MOVX A, @DPTR
04D7 [0104D7] F5 82 8C  MOV 0x82, A
04DA [0104DA] 83        MOVC A, @A+PC
04DB [0104DB] EE        MOV A, R6
04DC [0104DC] F0        MOVX @DPTR, A
04DD [0104DD] A3        INC DPTR
04DE [0104DE] EF        MOV A, R7
04DF [0104DF] F0        MOVX @DPTR, A
04E0 [0104E0] C3        CLR C
04E1 [0104E1] 22        RET
22CD [0122CD] 70 03     JNZ 0x22D2
22CF [0122CF] 02 27 6F  LJMP 0x276F
22D2 [0122D2] 24 80     ADD A, #0x80
22D4 [0122D4] 70 03     JNZ 0x22D9
22D6 [0122D6] 02 27 95  LJMP 0x2795
22D9 [0122D9] 24 91     ADD A, #0x91
22DB [0122DB] 60 03     JZ 0x22E0
22DD [0122DD] 02 27 CB  LJMP 0x27CB
22E0 [0122E0] 7E 3A     MOV R6, #0x3A
22E2 [0122E2] 7F 00     MOV R7, #0x00
22E4 [0122E4] 7D 02     MOV R5, #0x02
22E6 [0122E6] 12 AB 70  LCALL 0xAB70
22E9 [0122E9] 90 71 4E  MOV DPTR, #0x714E
22EC [0122EC] E4        CLR A
22ED [0122ED] F0        MOVX @DPTR, A
22EE [0122EE] 12 DA 7F  LCALL 0xDA7F
22F1 [0122F1] 90 71 47  MOV DPTR, #0x7147
22F4 [0122F4] E0        MOVX A, @DPTR
22F5 [0122F5] 90 3A 00  MOV DPTR, #0x3A00
22F8 [0122F8] F0        MOVX @DPTR, A
22F9 [0122F9] 90 34 1C  MOV DPTR, #0x341C
22FC [0122FC] E4        CLR A
22FD [0122FD] F0        MOVX @DPTR, A
22FE [0122FE] A3        INC DPTR
22FF [0122FF] 74 02     MOV A, #0x02
2301 [012301] 02 27 92  LJMP 0x2792
276F [01276F] A3        INC DPTR
2770 [012770] E0        MOVX A, @DPTR
2771 [012771] B4 06 03  CJNE A, #0x06, 0x2777
2774 [012774] 02 00 46  LJMP 0x0046
2777 [012777] 90 35 C0  MOV DPTR, #0x35C0
277A [01277A] E0        MOVX A, @DPTR
277B [01277B] 54 E0     ANL A, #0xE0
277D [01277D] FF        MOV R7, A
277E [01277E] BF 80 1B  CJNE R7, #0x80, 0x279C
2781 [012781] A3        INC DPTR
2782 [012782] E0        MOVX A, @DPTR
2783 [012783] 70 17     JNZ 0x279C
2785 [012785] A3        INC DPTR
2786 [012786] E0        MOVX A, @DPTR
2787 [012787] 70 02     JNZ 0x278B
2789 [012789] A3        INC DPTR
278A [01278A] E0        MOVX A, @DPTR
278B [01278B] 70 0F     JNZ 0x279C
278D [01278D] 90 34 1A  MOV DPTR, #0x341A
2790 [012790] E0        MOVX A, @DPTR
2791 [012791] 70 04     JNZ 0x2797
2792 [012792] 04        INC A
2793 [012793] A3        INC DPTR
2794 [012794] E0        MOVX A, @DPTR
2795 [012795] 64 02     XRL A, #0x02
2797 [012797] 70 03     JNZ 0x279C
2799 [012799] 02 62 BB  LJMP 0x62BB
279C [01279C] 90 35 C0  MOV DPTR, #0x35C0
279F [01279F] E0        MOVX A, @DPTR
27A0 [0127A0] 64 80     XRL A, #0x80
27A2 [0127A2] 70 2D     JNZ 0x27D1
27A4 [0127A4] A3        INC DPTR
27A5 [0127A5] E0        MOVX A, @DPTR
27A6 [0127A6] B4 08 28  CJNE A, #0x08, 0x27D1
27A9 [0127A9] A3        INC DPTR
27AA [0127AA] E0        MOVX A, @DPTR
27AB [0127AB] 70 02     JNZ 0x27AF
27AD [0127AD] A3        INC DPTR
27AE [0127AE] E0        MOVX A, @DPTR
27AF [0127AF] 70 20     JNZ 0x27D1
27B1 [0127B1] 90 35 C4  MOV DPTR, #0x35C4
27B4 [0127B4] E0        MOVX A, @DPTR
27B5 [0127B5] 70 02     JNZ 0x27B9
27B7 [0127B7] A3        INC DPTR
27B8 [0127B8] E0        MOVX A, @DPTR
27B9 [0127B9] 70 16     JNZ 0x27D1
27BB [0127BB] 90 34 1A  MOV DPTR, #0x341A
27BE [0127BE] E0        MOVX A, @DPTR
27BF [0127BF] 70 04     JNZ 0x27C5
27C1 [0127C1] A3        INC DPTR
27C2 [0127C2] E0        MOVX A, @DPTR
27C3 [0127C3] 64 01     XRL A, #0x01
27C5 [0127C5] 70 0A     JNZ 0x27D1
27C7 [0127C7] 75 39 01  MOV 0x39, #0x01
27CA [0127CA] 75 3A 34  MOV 0x3A, #0x34
27CB [0127CB] 3A        ADDC A, R2
27CC [0127CC] 34 75     ADDC A, #0x75
27CD [0127CD] 75 3B 13  MOV 0x3B, #0x13
27CE [0127CE] 3B        ADDC A, R3
27CF [0127CF] 13        RRC A
27D0 [0127D0] 22        RET
27D1 [0127D1] 90 35 C0  MOV DPTR, #0x35C0
27D4 [0127D4] E0        MOVX A, @DPTR
27D5 [0127D5] 64 81     XRL A, #0x81
27D7 [0127D7] 70 2D     JNZ 0x2806
27D9 [0127D9] A3        INC DPTR
27DA [0127DA] E0        MOVX A, @DPTR
27DB [0127DB] B4 0A 28  CJNE A, #0x0A, 0x2806
27DE [0127DE] A3        INC DPTR
27DF [0127DF] E0        MOVX A, @DPTR
27E0 [0127E0] 70 02     JNZ 0x27E4
27E2 [0127E2] A3        INC DPTR
27E3 [0127E3] E0        MOVX A, @DPTR
27E4 [0127E4] 70 20     JNZ 0x2806
27E6 [0127E6] 90 35 C4  MOV DPTR, #0x35C4
27E9 [0127E9] E0        MOVX A, @DPTR
27EA [0127EA] 70 02     JNZ 0x27EE
27EC [0127EC] A3        INC DPTR
27ED [0127ED] E0        MOVX A, @DPTR
27EE [0127EE] 70 16     JNZ 0x2806
27F0 [0127F0] 90 34 1A  MOV DPTR, #0x341A
27F3 [0127F3] E0        MOVX A, @DPTR
27F4 [0127F4] 70 04     JNZ 0x27FA
27F6 [0127F6] A3        INC DPTR
27F7 [0127F7] E0        MOVX A, @DPTR
27F8 [0127F8] 64 01     XRL A, #0x01
27FA [0127FA] 70 0A     JNZ 0x2806
27FC [0127FC] 75 39 01  MOV 0x39, #0x01
27FF [0127FF] 75 3A 34  MOV 0x3A, #0x34
2802 [012802] 75 3B 10  MOV 0x3B, #0x10
2805 [012805] 22        RET
2806 [012806] 90 35 C0  MOV DPTR, #0x35C0
2809 [012809] E0        MOVX A, @DPTR
280A [01280A] 64 A1     XRL A, #0xA1
280C [01280C] 70 2D     JNZ 0x283B
280E [01280E] A3        INC DPTR
280F [01280F] E0        MOVX A, @DPTR
2810 [012810] B4 FE 28  CJNE A, #0xFE, 0x283B
2813 [012813] A3        INC DPTR
2814 [012814] E0        MOVX A, @DPTR
2815 [012815] 70 02     JNZ 0x2819
2817 [012817] A3        INC DPTR
2818 [012818] E0        MOVX A, @DPTR
2819 [012819] 70 20     JNZ 0x283B
281B [01281B] 90 35 C4  MOV DPTR, #0x35C4
281E [01281E] E0        MOVX A, @DPTR
281F [01281F] 70 02     JNZ 0x2823
2821 [012821] A3        INC DPTR
2822 [012822] E0        MOVX A, @DPTR
2823 [012823] 70 16     JNZ 0x283B
2825 [012825] 90 34 1A  MOV DPTR, #0x341A
2828 [012828] E0        MOVX A, @DPTR
2829 [012829] 70 04     JNZ 0x282F
282B [01282B] A3        INC DPTR
282C [01282C] E0        MOVX A, @DPTR
282D [01282D] 64 01     XRL A, #0x01
282F [01282F] 70 0A     JNZ 0x283B
2831 [012831] 75 39 01  MOV 0x39, #0x01
2834 [012834] 75 3A 34  MOV 0x3A, #0x34
2837 [012837] 75 3B 87  MOV 0x3B, #0x87
283A [01283A] 22        RET
283B [01283B] 90 35 C0  MOV DPTR, #0x35C0
283E [01283E] E0        MOVX A, @DPTR
283F [01283F] 64 21     XRL A, #0x21
2841 [012841] 70 24     JNZ 0x2867
2843 [012843] A3        INC DPTR
2844 [012844] E0        MOVX A, @DPTR
2845 [012845] B4 FF 1F  CJNE A, #0xFF, 0x2867
2848 [012848] A3        INC DPTR
2849 [012849] E0        MOVX A, @DPTR
284A [01284A] 70 02     JNZ 0x284E
284C [01284C] A3        INC DPTR
284D [01284D] E0        MOVX A, @DPTR
284E [01284E] 70 17     JNZ 0x2867
2850 [012850] 90 35 C4  MOV DPTR, #0x35C4
2853 [012853] E0        MOVX A, @DPTR
2854 [012854] 70 02     JNZ 0x2858
2856 [012856] A3        INC DPTR
2857 [012857] E0        MOVX A, @DPTR
2858 [012858] 70 0D     JNZ 0x2867
285A [01285A] 90 34 1A  MOV DPTR, #0x341A
285D [01285D] E0        MOVX A, @DPTR
285E [01285E] 70 02     JNZ 0x2862
2860 [012860] A3        INC DPTR
2861 [012861] E0        MOVX A, @DPTR
2862 [012862] 70 03     JNZ 0x2867
2864 [012864] 02 DE C4  LJMP 0xDEC4
2867 [012867] 90 35 C0  MOV DPTR, #0x35C0
286A [01286A] E0        MOVX A, @DPTR
286B [01286B] 70 3A     JNZ 0x28A7
286D [01286D] A3        INC DPTR
286E [01286E] E0        MOVX A, @DPTR
286F [01286F] 64 05     XRL A, #0x05
2871 [012871] 70 34     JNZ 0x28A7
2873 [012873] C3        CLR C
2874 [012874] 90 35 C3  MOV DPTR, #0x35C3
2877 [012877] E0        MOVX A, @DPTR
2878 [012878] 94 80     SUBB A, #0x80
287A [01287A] 90 35 C2  MOV DPTR, #0x35C2
287D [01287D] E0        MOVX A, @DPTR
287E [01287E] 94 00     SUBB A, #0x00
2880 [012880] 50 25     JNC 0x28A7
2882 [012882] 90 35 C4  MOV DPTR, #0x35C4
2885 [012885] E0        MOVX A, @DPTR
2886 [012886] 70 02     JNZ 0x288A
2888 [012888] A3        INC DPTR
2889 [012889] E0        MOVX A, @DPTR
288A [01288A] 70 1B     JNZ 0x28A7
288C [01288C] 90 34 1A  MOV DPTR, #0x341A
288F [01288F] E0        MOVX A, @DPTR
2890 [012890] 70 02     JNZ 0x2894
2892 [012892] A3        INC DPTR
2893 [012893] E0        MOVX A, @DPTR
2894 [012894] 70 11     JNZ 0x28A7
2896 [012896] 90 35 B4  MOV DPTR, #0x35B4
2899 [012899] 74 82     MOV A, #0x82
289B [01289B] F0        MOVX @DPTR, A
289C [01289C] 90 35 C2  MOV DPTR, #0x35C2
289F [01289F] E0        MOVX A, @DPTR
28A0 [0128A0] A3        INC DPTR
28A1 [0128A1] E0        MOVX A, @DPTR
28A2 [0128A2] 90 34 12  MOV DPTR, #0x3412
28A5 [0128A5] F0        MOVX @DPTR, A
28A6 [0128A6] 22        RET
28A7 [0128A7] 90 35 C0  MOV DPTR, #0x35C0
28AA [0128AA] E0        MOVX A, @DPTR
28AB [0128AB] 70 1C     JNZ 0x28C9
28AD [0128AD] A3        INC DPTR
28AE [0128AE] E0        MOVX A, @DPTR
28AF [0128AF] B4 09 17  CJNE A, #0x09, 0x28C9
28B2 [0128B2] 90 35 C4  MOV DPTR, #0x35C4
28B5 [0128B5] E0        MOVX A, @DPTR
28B6 [0128B6] 70 02     JNZ 0x28BA
28B8 [0128B8] A3        INC DPTR
28B9 [0128B9] E0        MOVX A, @DPTR
28BA [0128BA] 70 0D     JNZ 0x28C9
28BC [0128BC] 90 34 1A  MOV DPTR, #0x341A
28BF [0128BF] E0        MOVX A, @DPTR
28C0 [0128C0] 70 02     JNZ 0x28C4
28C2 [0128C2] A3        INC DPTR
28C3 [0128C3] E0        MOVX A, @DPTR
28C4 [0128C4] 70 03     JNZ 0x28C9
28C6 [0128C6] 02 A5 10  LJMP 0xA510
28C9 [0128C9] 90 35 C0  MOV DPTR, #0x35C0
28CC [0128CC] E0        MOVX A, @DPTR
28CD [0128CD] B4 01 1C  CJNE A, #0x01, 0x28EC
28D0 [0128D0] A3        INC DPTR
28D1 [0128D1] E0        MOVX A, @DPTR
28D2 [0128D2] B4 0B 17  CJNE A, #0x0B, 0x28EC
28D5 [0128D5] 90 35 C4  MOV DPTR, #0x35C4
28D8 [0128D8] E0        MOVX A, @DPTR
28D9 [0128D9] 70 02     JNZ 0x28DD
28DB [0128DB] A3        INC DPTR
28DC [0128DC] E0        MOVX A, @DPTR
28DD [0128DD] 70 0D     JNZ 0x28EC
28DF [0128DF] 90 34 1A  MOV DPTR, #0x341A
28E2 [0128E2] E0        MOVX A, @DPTR
28E3 [0128E3] 70 02     JNZ 0x28E7
28E5 [0128E5] A3        INC DPTR
28E6 [0128E6] E0        MOVX A, @DPTR
28E7 [0128E7] 70 03     JNZ 0x28EC
28E9 [0128E9] 02 BB DB  LJMP 0xBBDB
28EC [0128EC] 90 35 C0  MOV DPTR, #0x35C0
28EF [0128EF] E0        MOVX A, @DPTR
28F0 [0128F0] 54 E0     ANL A, #0xE0
28F2 [0128F2] 70 18     JNZ 0x290C
28F4 [0128F4] A3        INC DPTR
28F5 [0128F5] E0        MOVX A, @DPTR
28F6 [0128F6] B4 03 13  CJNE A, #0x03, 0x290C
28F9 [0128F9] 90 34 1A  MOV DPTR, #0x341A
28FC [0128FC] E0        MOVX A, @DPTR
28FD [0128FD] 70 02     JNZ 0x2901
28FF [0128FF] A3        INC DPTR
2900 [012900] E0        MOVX A, @DPTR
2901 [012901] 70 09     JNZ 0x290C
2903 [012903] 90 35 B5  MOV DPTR, #0x35B5
2906 [012906] E0        MOVX A, @DPTR
2907 [012907] 60 03     JZ 0x290C
2909 [012909] 02 61 03  LJMP 0x6103
290C [01290C] 90 35 C0  MOV DPTR, #0x35C0
290F [01290F] E0        MOVX A, @DPTR
2910 [012910] 54 E0     ANL A, #0xE0
2912 [012912] 70 12     JNZ 0x2926
2914 [012914] A3        INC DPTR
2915 [012915] E0        MOVX A, @DPTR
2916 [012916] B4 01 0D  CJNE A, #0x01, 0x2926
2919 [012919] 90 34 1A  MOV DPTR, #0x341A
291C [01291C] E0        MOVX A, @DPTR
291D [01291D] 70 02     JNZ 0x2921
291F [01291F] A3        INC DPTR
2920 [012920] E0        MOVX A, @DPTR
2921 [012921] 70 03     JNZ 0x2926
2923 [012923] 02 5F 43  LJMP 0x5F43
2926 [012926] 90 35 C0  MOV DPTR, #0x35C0
2929 [012929] E0        MOVX A, @DPTR
292A [01292A] 70 23     JNZ 0x294F
292C [01292C] A3        INC DPTR
292D [01292D] E0        MOVX A, @DPTR
292E [01292E] B4 30 1E  CJNE A, #0x30, 0x294F
2931 [012931] A3        INC DPTR
2932 [012932] E0        MOVX A, @DPTR
2933 [012933] 70 02     JNZ 0x2937
2935 [012935] A3        INC DPTR
2936 [012936] E0        MOVX A, @DPTR
2937 [012937] 70 16     JNZ 0x294F
2939 [012939] 90 35 C4  MOV DPTR, #0x35C4
293C [01293C] E0        MOVX A, @DPTR
293D [01293D] 70 02     JNZ 0x2941
293F [01293F] A3        INC DPTR
2940 [012940] E0        MOVX A, @DPTR
2941 [012941] 70 0C     JNZ 0x294F
2943 [012943] 90 34 1A  MOV DPTR, #0x341A
2946 [012946] E0        MOVX A, @DPTR
2947 [012947] 70 04     JNZ 0x294D
2949 [012949] A3        INC DPTR
294A [01294A] E0        MOVX A, @DPTR
294B [01294B] 64 06     XRL A, #0x06
294D [01294D] 60 25     JZ 0x2974
294F [01294F] 90 35 C0  MOV DPTR, #0x35C0
2952 [012952] E0        MOVX A, @DPTR
2953 [012953] 70 19     JNZ 0x296E
2955 [012955] A3        INC DPTR
2956 [012956] E0        MOVX A, @DPTR
2957 [012957] B4 31 14  CJNE A, #0x31, 0x296E
295A [01295A] 90 35 C4  MOV DPTR, #0x35C4
295D [01295D] E0        MOVX A, @DPTR
295E [01295E] 70 02     JNZ 0x2962
2960 [012960] A3        INC DPTR
2961 [012961] E0        MOVX A, @DPTR
2962 [012962] 70 0A     JNZ 0x296E
2964 [012964] 90 34 1A  MOV DPTR, #0x341A
2967 [012967] E0        MOVX A, @DPTR
2968 [012968] 70 02     JNZ 0x296C
296A [01296A] A3        INC DPTR
296B [01296B] E0        MOVX A, @DPTR
296C [01296C] 60 06     JZ 0x2974
296E [01296E] 90 35 B4  MOV DPTR, #0x35B4
2971 [012971] 74 FF     MOV A, #0xFF
2973 [012973] F0        MOVX @DPTR, A
2974 [012974] 22        RET
59B1 [0159B1] 0B        INC R3
59B2 [0159B2] E0        MOVX A, @DPTR
59B3 [0159B3] 44 20     ORL A, #0x20
59B5 [0159B5] 80 1B     SJMP 0x59D2
59D2 [0159D2] F0        MOVX @DPTR, A
59D3 [0159D3] 12 D7 92  LCALL 0xD792
59D6 [0159D6] 75 41 02  MOV 0x41, #0x02
59D9 [0159D9] 80 78     SJMP 0x5A53
5A53 [015A53] 75 54 DF  MOV 0x54, #0xDF
5A56 [015A56] 75 55 DD  MOV 0x55, #0xDD
5A59 [015A59] 22        RET
60A9 [0160A9] 00        NOP
60AA [0160AA] 14        DEC A
60AB [0160AB] E4        CLR A
60AC [0160AC] F0        MOVX @DPTR, A
60AD [0160AD] A3        INC DPTR
60AE [0160AE] 04        INC A
60AF [0160AF] F0        MOVX @DPTR, A
60B0 [0160B0] A3        INC DPTR
60B1 [0160B1] E4        CLR A
60B2 [0160B2] F0        MOVX @DPTR, A
60B3 [0160B3] A3        INC DPTR
60B4 [0160B4] 74 81     MOV A, #0x81
60B6 [0160B6] F0        MOVX @DPTR, A
60B7 [0160B7] A3        INC DPTR
60B8 [0160B8] 74 03     MOV A, #0x03
60BA [0160BA] 80 1C     SJMP 0x60D8
60D8 [0160D8] F0        MOVX @DPTR, A
60D9 [0160D9] A3        INC DPTR
60DA [0160DA] E4        CLR A
60DB [0160DB] F0        MOVX @DPTR, A
60DC [0160DC] 22        RET
60F0 [0160F0] F5 35 AB  MOV 0x35, A
60F3 [0160F3] 39        ADDC A, R1
60F4 [0160F4] 05        INC 0x3B
60F5 [0160F5] 3B        ADDC A, R3
60F6 [0160F6] E5 3B AA  MOV A, 0x3B
60F9 [0160F9] 3A        ADDC A, R2
60FA [0160FA] 70 02     JNZ 0x60FE
60FC [0160FC] 05        INC 0x3A
60FD [0160FD] 3A        ADDC A, R2
60FE [0160FE] 14        DEC A
60FF [0160FF] F9        MOV R1, A
6100 [016100] 12 59 B1  LCALL 0x59B1
6103 [016103] FF        MOV R7, A
6104 [016104] 74 40     MOV A, #0x40
6106 [016106] 25 35     ADD A, 0x35
6108 [016108] F5 82 E4  MOV 0x82, A
610B [01610B] 34 10     ADDC A, #0x10
610D [01610D] F5 83 EF  MOV 0x83, A
6110 [016110] F0        MOVX @DPTR, A
6111 [016111] 05        INC 0x35
6112 [016112] 35 E5     ADDC A, 0xE5
6114 [016114] 35 B4     ADDC A, 0xB4
6116 [016116] 38        ADDC A, R0
6117 [016117] DA 90     DJNZ R2, 0x60A9
6119 [016119] 00        NOP
611A [01611A] 4C        ORL A, R4
611B [01611B] 74 35     MOV A, #0x35
611D [01611D] F0        MOVX @DPTR, A
611E [01611E] 90 00 4F  MOV DPTR, #0x004F
6121 [016121] E4        CLR A
6122 [016122] F0        MOVX @DPTR, A
6123 [016123] 90 00 14  MOV DPTR, #0x0014
6126 [016126] F0        MOVX @DPTR, A
6127 [016127] A3        INC DPTR
6128 [016128] F0        MOVX @DPTR, A
6129 [016129] A3        INC DPTR
612A [01612A] 74 09     MOV A, #0x09
612C [01612C] F0        MOVX @DPTR, A
612D [01612D] A3        INC DPTR
612E [01612E] 74 81     MOV A, #0x81
6130 [016130] F0        MOVX @DPTR, A
6131 [016131] 90 34 19  MOV DPTR, #0x3419
6134 [016134] 74 C0     MOV A, #0xC0
6136 [016136] F0        MOVX @DPTR, A
6137 [016137] 22        RET
62BB [0162BB] 0D        INC R5
62BC [0162BC] 25 35     ADD A, 0x35
62BE [0162BE] F5 82 E4  MOV 0x82, A
62C1 [0162C1] 34 35     ADDC A, #0x35
62C3 [0162C3] F5 83 74  MOV 0x83, A
62C6 [0162C6] 01 F0     AJMP 0x60F0
74E5 [0174E5] CB        XCH A, R3
74E6 [0174E6] 80 03     SJMP 0x74EB
74EB [0174EB] 75 58 8A  MOV 0x58, #0x8A
74EE [0174EE] 75 59 AC  MOV 0x59, #0xAC
74F1 [0174F1] 22        RET
8016 [018016] 12 DA FD  LCALL 0xDAFD
8019 [018019] 90 50 48  MOV DPTR, #0x5048
801C [01801C] 74 20     MOV A, #0x20
801E [01801E] F0        MOVX @DPTR, A
801F [01801F] A3        INC DPTR
8020 [018020] E4        CLR A
8021 [018021] F0        MOVX @DPTR, A
8022 [018022] A3        INC DPTR
8023 [018023] F0        MOVX @DPTR, A
8024 [018024] A3        INC DPTR
8025 [018025] F0        MOVX @DPTR, A
8026 [018026] 30 00 05  JNB 0x00, 0x802E
8029 [018029] 12 DD E0  LCALL 0xDDE0
802C [01802C] 80 0D     SJMP 0x803B
802E [01802E] 12 DD EA  LCALL 0xDDEA
8031 [018031] 90 00 52  MOV DPTR, #0x0052
8034 [018034] 74 3C     MOV A, #0x3C
8036 [018036] F0        MOVX @DPTR, A
8037 [018037] 90 00 62  MOV DPTR, #0x0062
803A [01803A] F0        MOVX @DPTR, A
803B [01803B] 90 70 19  MOV DPTR, #0x7019
803E [01803E] E0        MOVX A, @DPTR
803F [01803F] 54 7F     ANL A, #0x7F
8041 [018041] F0        MOVX @DPTR, A
8042 [018042] 12 74 E5  LCALL 0x74E5
8045 [018045] 12 99 3D  LCALL 0x993D
8048 [018048] 12 BD 0D  LCALL 0xBD0D
804B [01804B] 90 50 64  MOV DPTR, #0x5064
804E [01804E] E0        MOVX A, @DPTR
804F [01804F] 54 EF     ANL A, #0xEF
8051 [018051] F0        MOVX @DPTR, A
8052 [018052] 90 50 51  MOV DPTR, #0x5051
8055 [018055] 74 80     MOV A, #0x80
8057 [018057] F0        MOVX @DPTR, A
8058 [018058] 90 50 56  MOV DPTR, #0x5056
805B [01805B] E0        MOVX A, @DPTR
805C [01805C] 44 02     ORL A, #0x02
805E [01805E] F0        MOVX @DPTR, A
805F [01805F] E0        MOVX A, @DPTR
8060 [018060] 54 FE     ANL A, #0xFE
8062 [018062] F0        MOVX @DPTR, A
8063 [018063] 02 DF BC  LJMP 0xDFBC
993D [01993D] 1F        DEC R7
993E [01993E] F0        MOVX @DPTR, A
993F [01993F] 7C 79     MOV R4, #0x79
9941 [019941] 7D 00     MOV R5, #0x00
9943 [019943] 7B 1F     MOV R3, #0x1F
9945 [019945] 7F 41     MOV R7, #0x41
9947 [019947] 7E 53     MOV R6, #0x53
9949 [019949] 12 AB 84  LCALL 0xAB84
994C [01994C] 90 78 00  MOV DPTR, #0x7800
994F [01994F] E0        MOVX A, @DPTR
9950 [019950] 54 AF     ANL A, #0xAF
9952 [019952] F0        MOVX @DPTR, A
9953 [019953] 90 50 2B  MOV DPTR, #0x502B
9956 [019956] 74 80     MOV A, #0x80
9958 [019958] F0        MOVX @DPTR, A
9959 [019959] 12 00 2E  LCALL 0x002E
995C [01995C] 90 35 18  MOV DPTR, #0x3518
995F [01995F] E0        MOVX A, @DPTR
9960 [019960] FF        MOV R7, A
9961 [019961] 22        RET
A510 [01A510] E4        CLR A
A511 [01A511] F0        MOVX @DPTR, A
A512 [01A512] A3        INC DPTR
A513 [01A513] 74 8B     MOV A, #0x8B
A515 [01A515] F0        MOVX @DPTR, A
A516 [01A516] 74 09     MOV A, #0x09
A518 [01A518] F0        MOVX @DPTR, A
A519 [01A519] A3        INC DPTR
A51A [01A51A] 74 06     MOV A, #0x06
A51C [01A51C] F0        MOVX @DPTR, A
A51D [01A51D] 90 00 70  MOV DPTR, #0x0070
A520 [01A520] E4        CLR A
A521 [01A521] F0        MOVX @DPTR, A
A522 [01A522] A3        INC DPTR
A523 [01A523] 74 02     MOV A, #0x02
A525 [01A525] F0        MOVX @DPTR, A
A526 [01A526] A3        INC DPTR
A527 [01A527] 74 8F     MOV A, #0x8F
A529 [01A529] F0        MOVX @DPTR, A
A52A [01A52A] 74 0D     MOV A, #0x0D
A52C [01A52C] F0        MOVX @DPTR, A
A52D [01A52D] A3        INC DPTR
A52E [01A52E] 74 06     MOV A, #0x06
A530 [01A530] F0        MOVX @DPTR, A
A531 [01A531] 90 00 80  MOV DPTR, #0x0080
A534 [01A534] E4        CLR A
A535 [01A535] F0        MOVX @DPTR, A
A536 [01A536] A3        INC DPTR
A537 [01A537] 74 02     MOV A, #0x02
A539 [01A539] F0        MOVX @DPTR, A
A53A [01A53A] A3        INC DPTR
A53B [01A53B] 74 93     MOV A, #0x93
A53D [01A53D] F0        MOVX @DPTR, A
A53E [01A53E] 74 11     MOV A, #0x11
A540 [01A540] F0        MOVX @DPTR, A
A541 [01A541] A3        INC DPTR
A542 [01A542] 74 0A     MOV A, #0x0A
A544 [01A544] F0        MOVX @DPTR, A
A545 [01A545] 22        RET
AB70 [01AB70] 02 22 CD  LJMP 0x22CD
AB84 [01AB84] F0        MOVX @DPTR, A
AB85 [01AB85] EC        MOV A, R4
AB86 [01AB86] A3        INC DPTR
AB87 [01AB87] F0        MOVX @DPTR, A
AB88 [01AB88] C2 26     CLR 0x26
AB8A [01AB8A] 90 4B 0D  MOV DPTR, #0x4B0D
AB8D [01AB8D] E4        CLR A
AB8E [01AB8E] F0        MOVX @DPTR, A
AB8F [01AB8F] A3        INC DPTR
AB90 [01AB90] 74 FF     MOV A, #0xFF
AB92 [01AB92] F0        MOVX @DPTR, A
AB93 [01AB93] 90 4B 0C  MOV DPTR, #0x4B0C
AB96 [01AB96] E0        MOVX A, @DPTR
AB97 [01AB97] 54 FD     ANL A, #0xFD
AB99 [01AB99] F0        MOVX @DPTR, A
AB9A [01AB9A] 22        RET
BBDB [01BBDB] B3        CPL C
BBDC [01BBDC] 22        RET
D546 [01D546] 44 03     ORL A, #0x03
D548 [01D548] F0        MOVX @DPTR, A
D549 [01D549] E0        MOVX A, @DPTR
D54A [01D54A] 54 FC     ANL A, #0xFC
D54C [01D54C] F0        MOVX @DPTR, A
D54D [01D54D] E0        MOVX A, @DPTR
D54E [01D54E] 44 03     ORL A, #0x03
D550 [01D550] F0        MOVX @DPTR, A
D551 [01D551] 22        RET
D792 [01D792] 22        RET
DA7F [01DA7F] 12 D5 46  LCALL 0xD546
DA82 [01DA82] 02 DF A4  LJMP 0xDFA4
DAFD [01DAFD] 08        INC R0
DAFE [01DAFE] 7E 00     MOV R6, #0x00
DB00 [01DB00] 02 AB 70  LJMP 0xAB70
